This file contains any messages produced by compilers while
running configure, to aid debugging if configure makes a mistake.

It was created by configure, which was
generated by GNU Autoconf 2.69.  Invocation command line was

  $ ./configure 

## --------- ##
## Platform. ##
## --------- ##

hostname = ip-172-31-10-128.ap-south-1.compute.internal
uname -m = x86_64
uname -r = 6.1.132-147.221.amzn2023.x86_64
uname -s = Linux
uname -v = #1 SMP PREEMPT_DYNAMIC Tue Apr  8 13:14:54 UTC 2025

/usr/bin/uname -p = x86_64
/bin/uname -X     = unknown

/bin/arch              = x86_64
/usr/bin/arch -k       = unknown
/usr/convex/getsysinfo = unknown
/usr/bin/hostinfo      = unknown
/bin/machine           = unknown
/usr/bin/oslevel       = unknown
/bin/universe          = unknown

PATH: /root/.local/bin
PATH: /root/bin
PATH: /usr/local/sbin
PATH: /usr/local/bin
PATH: /usr/sbin
PATH: /usr/bin
PATH: /sbin
PATH: /bin
PATH: /var/lib/snapd/snap/bin


## ----------- ##
## Core tests. ##
## ----------- ##

configure:3090: checking for ruby
configure:3121: result: false
configure:3207: checking build system type
configure:3221: result: x86_64-pc-linux-gnu
configure:3241: checking host system type
configure:3254: result: x86_64-pc-linux-gnu
configure:3274: checking target system type
configure:3287: result: x86_64-pc-linux-gnu
configure:3440: checking for gcc
configure:3470: result: no
configure:3440: checking for clang
configure:3470: result: no
configure:3440: checking for cc
configure:3470: result: no
configure:5497: checking for gcc
configure:5527: result: no
configure:5590: checking for cc
configure:5637: result: no
configure:5693: checking for cl.exe
configure:5723: result: no
configure:5747: error: in `/root/Budget-App/ruby-3.1.2':
configure:5749: error: no acceptable C compiler found in $PATH
See `config.log' for more details

## ---------------- ##
## Cache variables. ##
## ---------------- ##

ac_cv_build=x86_64-pc-linux-gnu
ac_cv_env_AR_set=
ac_cv_env_AR_value=
ac_cv_env_AS_set=
ac_cv_env_AS_value=
ac_cv_env_CCC_set=
ac_cv_env_CCC_value=
ac_cv_env_CC_set=
ac_cv_env_CC_value=
ac_cv_env_CFLAGS_set=
ac_cv_env_CFLAGS_value=
ac_cv_env_CPPFLAGS_set=
ac_cv_env_CPPFLAGS_value=
ac_cv_env_CPP_set=
ac_cv_env_CPP_value=
ac_cv_env_CXXFLAGS_set=
ac_cv_env_CXXFLAGS_value=
ac_cv_env_CXX_set=
ac_cv_env_CXX_value=
ac_cv_env_LDFLAGS_set=
ac_cv_env_LDFLAGS_value=
ac_cv_env_LD_set=
ac_cv_env_LD_value=
ac_cv_env_LIBS_set=
ac_cv_env_LIBS_value=
ac_cv_env_NM_set=
ac_cv_env_NM_value=
ac_cv_env_OBJCOPY_set=
ac_cv_env_OBJCOPY_value=
ac_cv_env_OBJDUMP_set=
ac_cv_env_OBJDUMP_value=
ac_cv_env_RANLIB_set=
ac_cv_env_RANLIB_value=
ac_cv_env_STRIP_set=
ac_cv_env_STRIP_value=
ac_cv_env_build_alias_set=
ac_cv_env_build_alias_value=
ac_cv_env_cflags_set=
ac_cv_env_cflags_value=
ac_cv_env_cppflags_set=
ac_cv_env_cppflags_value=
ac_cv_env_cxxflags_set=
ac_cv_env_cxxflags_value=
ac_cv_env_host_alias_set=
ac_cv_env_host_alias_value=
ac_cv_env_target_alias_set=
ac_cv_env_target_alias_value=
ac_cv_host=x86_64-pc-linux-gnu
ac_cv_path_BASERUBY=false
ac_cv_target=x86_64-pc-linux-gnu

## ----------------- ##
## Output variables. ##
## ----------------- ##

ALLOCA=''
AR=''
ARCHFILE=''
ARCH_FLAG=''
ARFLAGS=''
AS=''
ASFLAGS=''
ASMEXT=''
BASERUBY='echo executable host ruby is required.  use --with-baseruby option.; false'
BOOTSTRAPRUBY=''
BTESTRUBY=''
BUILTIN_ENCOBJS=''
BUILTIN_TRANSOBJS=''
BUILTIN_TRANSSRCS=''
CAPITARGET=''
CC=''
CCDLFLAGS=''
CC_VERSION=''
CC_VERSION_MESSAGE=''
CC_WRAPPER=''
CFLAGS=''
CHDIR=''
COMMON_HEADERS=''
COMMON_LIBS=''
COMMON_MACROS=''
CONFIGURE=''
COUTFLAG=''
CP=''
CPP=''
CPPFLAGS=''
CPPOUTFILE=''
CROSS_COMPILING=''
CSRCFLAG=''
CXX=''
CXXFLAGS=''
DEFS=''
DESTDIR=''
DLDFLAGS=''
DLDLIBS=''
DLDSHARED=''
DLEXT=''
DLLWRAP=''
DLNOBJ=''
DOT=''
DOXYGEN=''
DTRACE=''
DTRACE_EXT=''
DTRACE_OBJ=''
DTRACE_OPT=''
DTRACE_REBUILD=''
ECHO_C=''
ECHO_N='-n'
ECHO_T=''
EGREP=''
ENABLE_DEBUG_ENV=''
ENABLE_SHARED=''
ENCOBJS=''
ENCSTATIC=''
EXECUTABLE_EXTS=''
EXEEXT=''
EXPORT_PREFIX=''
EXTDLDFLAGS=''
EXTLDFLAGS=''
EXTOBJS=''
EXTOUT=''
EXTSTATIC=''
GCC=''
GIT='git'
GNU_LD=''
GREP=''
HAVE_BASERUBY='no'
HAVE_GIT='yes'
INSTALLDOC=''
INSTALL_DATA=''
INSTALL_PROGRAM=''
INSTALL_SCRIPT=''
INSTALL_STATIC_LIBRARY=''
LD=''
LDFLAGS=''
LDSHARED=''
LDSHAREDXX=''
LIBEXT=''
LIBOBJS=''
LIBPATHENV=''
LIBPATHFLAG=''
LIBRUBY=''
LIBRUBYARG=''
LIBRUBYARG_SHARED=''
LIBRUBYARG_STATIC=''
LIBRUBY_A=''
LIBRUBY_ALIASES=''
LIBRUBY_A_OBJS=''
LIBRUBY_DLDFLAGS=''
LIBRUBY_LDSHARED=''
LIBRUBY_RELATIVE=''
LIBRUBY_SO=''
LIBRUBY_SONAME=''
LIBS=''
LINK_SO=''
LN_S=''
LTLIBOBJS=''
MAINLIBS=''
MAJOR='3'
MAKEDIRS=''
MAKEFILES=''
MANTYPE=''
MINIOBJS=''
MINIRUBY=''
MINOR='1'
MJIT_CC=''
MJIT_CFLAGS=''
MJIT_DEBUGFLAGS=''
MJIT_HEADER_FLAGS=''
MJIT_HEADER_INSTALL_DIR=''
MJIT_LDSHARED=''
MJIT_OPTFLAGS=''
MJIT_SUPPORT=''
MJIT_TABS=''
MKDIR_P=''
NM=''
NULLCMD=''
OBJCOPY=''
OBJDUMP=''
OBJEXT=''
OUTFLAG=''
PACKAGE=''
PACKAGE_BUGREPORT=''
PACKAGE_NAME=''
PACKAGE_STRING=''
PACKAGE_TARNAME=''
PACKAGE_URL=''
PACKAGE_VERSION=''
PATH_SEPARATOR=':'
PKG_CONFIG=''
PLATFORM_DIR=''
POSTLINK=''
PRELOADENV=''
PREP=''
RANLIB=''
RDOCTARGET=''
RI_BASE_NAME=''
RM=''
RMALL=''
RMDIR=''
RMDIRS=''
RPATHFLAG=''
RUBYW_BASE_NAME='rubyw'
RUBYW_INSTALL_NAME=''
RUBY_API_VERSION='$(MAJOR).$(MINOR)'
RUBY_BASE_NAME='ruby'
RUBY_EXEC_PREFIX=''
RUBY_INSTALL_NAME=''
RUBY_LIB_VERSION=''
RUBY_LIB_VERSION_STYLE=''
RUBY_PROGRAM_VERSION='$(MAJOR).$(MINOR).$(TEENY)'
RUBY_SEARCH_PATH=''
RUBY_SO_NAME=''
RUBY_VERSION_NAME='${RUBY_BASE_NAME}-${ruby_version}'
RUNRUBY=''
RUNRUBY_COMMAND=''
SET_MAKE=''
SHELL='/bin/sh'
SOEXT=''
SOLIBS=''
STATIC=''
STRIP=''
SYMBOL_PREFIX=''
TEENY='2'
TEST_RUNNABLE=''
THREAD_MODEL=''
TRY_LINK=''
UNIVERSAL_ARCHNAMES=''
UNIVERSAL_INTS=''
USE_RUBYGEMS=''
WERRORFLAG=''
WINDRES=''
XCC_WRAPPER=''
XCFLAGS=''
XLDFLAGS=''
XRUBY=''
XRUBY_LIBDIR=''
XRUBY_RUBYHDRDIR=''
XRUBY_RUBYLIBDIR=''
X_COROUTINE_H=''
X_COROUTINE_SRC=''
ac_ct_AR=''
ac_ct_AS=''
ac_ct_CC=''
ac_ct_CXX=''
ac_ct_LD=''
ac_ct_NM=''
ac_ct_OBJCOPY=''
ac_ct_OBJDUMP=''
ac_ct_STRIP=''
arch=''
archincludedir=''
archlibdir=''
bindir='${exec_prefix}/bin'
build='x86_64-pc-linux-gnu'
build_alias=''
build_cpu='x86_64'
build_os='linux-gnu'
build_vendor='pc'
cflags=''
cleanlibs=''
codesign=''
configure_args=''
cppflags=''
cxxflags=''
datadir='${datarootdir}'
datarootdir='${prefix}/share'
debugflags=''
docdir='${datarootdir}/doc/${PACKAGE}'
dsymutil=''
dvidir='${docdir}'
exec=''
exec_prefix='NONE'
host='x86_64-pc-linux-gnu'
host_alias=''
host_cpu='x86_64'
host_os='linux-gnu'
host_vendor='pc'
htmldir='${docdir}'
includedir='${prefix}/include'
infodir='${datarootdir}/info'
libdir='${exec_prefix}/lib'
libdirname=''
libexecdir='${exec_prefix}/libexec'
localedir='${datarootdir}/locale'
localstatedir='${prefix}/var'
mandir='${datarootdir}/man'
oldincludedir='/usr/include'
optflags=''
pdfdir='${docdir}'
prefix='NONE'
program_transform_name='s&^&&'
psdir='${docdir}'
ridir=''
ruby_pc=''
ruby_version=''
rubyarchdir=''
rubyarchhdrdir=''
rubyarchprefix=''
rubyhdrdir=''
rubylibdir=''
rubylibprefix=''
rubysitearchprefix=''
rubyw_install_name=''
runstatedir='${localstatedir}/run'
sbindir='${exec_prefix}/sbin'
setup=''
sharedstatedir='${prefix}/com'
sitearch=''
sitearchdir=''
sitearchhdrdir=''
sitearchincludedir=''
sitearchlibdir=''
sitedir=''
sitehdrdir=''
sitelibdir=''
strict_warnflags=''
sysconfdir='${prefix}/etc'
target='x86_64-pc-linux-gnu'
target_alias=''
target_cpu='x86_64'
target_os='linux-gnu'
target_vendor='pc'
try_header=''
vendorarchdir=''
vendorarchhdrdir=''
vendordir=''
vendorhdrdir=''
vendorlibdir=''
warnflags=''

## ----------- ##
## confdefs.h. ##
## ----------- ##

/* confdefs.h */
#define PACKAGE_NAME ""
#define PACKAGE_TARNAME ""
#define PACKAGE_VERSION ""
#define PACKAGE_STRING ""
#define PACKAGE_BUGREPORT ""
#define PACKAGE_URL ""

configure: exit 1
